
> provider-kit@1.3.9 test
> node --test test/*.test.js

鈻?@openchat/provider-kit
  鉁?exports all modules (1.8248ms)
  鉁?ProviderError carries metadata (0.4864ms)
  鉁?ProviderError default retryable based on statusCode (0.3025ms)
  鉁?ProviderError default type is unknown (0.2445ms)
  鉁?withRetry retries on ProviderError (825.3832ms)
  鉁?withRetry throws on non-retryable error (1.1879ms)
  鉁?withRetry exhausts all retries then throws (62.7732ms)
  鉁?withRetry uses exponential backoff (31.3829ms)
  鉁?withRetry passes through non-ProviderError immediately (1.1587ms)
  鉁?withTimeout resolves when fn completes in time (14.4407ms)
  鉁?withTimeout rejects on timeout (15.9751ms)
  鉁?withTimeout rejects with ProviderError on timeout (15.45ms)
  鉁?safeProviderCall combines retry + timeout (1084.8011ms)
  鉁?safeProviderCall timeout wraps with ProviderError (15.4274ms)
  鉁?providerRegistry has presets (1.0648ms)
  鉁?createProvider returns provider instance (0.3032ms)
  鉁?createProvider falls back to generic on unknown type (0.1492ms)
  鉁?no API keys in source files (12.4742ms)
  鉁?ProviderError constructor does not expose API key in fields (0.2647ms)
  鉁?ProviderError type has friendly default message (0.1929ms)
  鉁?classifyError maps common error messages (0.2927ms)
  鉁?classifyError preserves ProviderError (0.1342ms)
  鉁?AbortError carries type (0.1622ms)
  鉁?withRetry does not retry AbortError (0.2435ms)
  鉁?createCancelSignal returns signal and cancel (0.1892ms)
  鉁?createCancelSignal aborts on cancel (0.1629ms)
  鉁?429 errors are retryable by default (0.1228ms)
  鉁?createRouter throws on empty probes (0.3903ms)
  鉁?createRouter returns router with all methods (0.1986ms)
  鉁?createRouter with latency strategy (0.1638ms)
  鉁?createRouter with legacy array API (0.1294ms)
  鉁?createMonitor wraps provider and tracks calls (1.2589ms)
鉁?@openchat/provider-kit (2092.2303ms)
鈻?provider-kit E2E
  锕?OpenAI chat returns a response (1.1427ms) # SKIP
  锕?OpenAI streaming yields tokens (0.2384ms) # SKIP
  锕?OpenAI withRetry handles transient errors (0.1671ms) # SKIP
  锕?Anthropic chat returns a response (1.3983ms) # SKIP
鉁?provider-kit E2E (4.79ms)

68 passed, 0 failed
鉁?test\epc-e2e.test.js (208.3173ms)

21 passed, 0 failed
鉁?test\four-format.test.js (182.8955ms)
鈻?key-resolver
  鉁?no resolver registered returns null (2.3744ms)
  鉁?resolver returns key (1.9649ms)
  鉁?explicit key wins over resolver (0.5606ms)
  鉁?resolver returning null falls through (0.5487ms)
  鉁?resolver throwing does not crash (0.6002ms)
  鉁?async resolver is awaited (17.3438ms)
  鉁?clearKeyResolver removes registration (0.473ms)
  鉁?chat() throws "No API key" when resolver absent and config empty (2442.4144ms)
  鉁?chat() bypasses "No API key" error when resolver provides key (1379.3879ms)
鉁?key-resolver (3848.5583ms)
鈻?provider mock integration
  鉁?OpenAI chat 200 returns formatted response (112.9134ms)
  鉁?OpenAI 429 returns rate_limit type (17.234ms)
  鉁?OpenAI 500 returns server_error (11.7199ms)
  鉁?OpenAI 401 returns auth error (12.6618ms)
  鉁?Ollama chat with baseUrl works (11.5445ms)
  鉁?ProviderError 429 is retryable, 401 is not (0.4951ms)
  鉁?createRouter returns correct probe count (0.6399ms)
鉁?provider mock integration (169.2256ms)
鈻?P0 regression: sync race in getProvider
  鉁?provider is synchronously marked connected=true after getProvider (1.047ms)
鉁?P0 regression: sync race in getProvider (2.3079ms)
鈻?P0 regression: dispose() releases resources
  鉁?dispose() disconnects all providers and clears caches (1.4038ms)
鉁?P0 regression: dispose() releases resources (1.5747ms)
鈻?P0 regression: withRetry distinguishes 4xx vs 5xx/network
  鉁?does NOT retry non-retryable 4xx (400/401/403/404) (0.7073ms)
  鉁?does NOT retry 401 (auth) (0.2973ms)
  鉁?retries 429 (rate_limit) (3262.3393ms)
  鉁?retries 500 (server_error) (1169.4712ms)
  鉁?classifies unknown errors and respects retryable (3150.454ms)
  鉁?does not retry unknown errors that are not retryable (0.6744ms)
鉁?P0 regression: withRetry distinguishes 4xx vs 5xx/network (7584.6845ms)
鈻?P0 regression: persistent-config 0600 permissions
  锕?writes config with 0600 mode on unix (0.1711ms) # SKIP
鉁?P0 regression: persistent-config 0600 permissions (0.3692ms)
鈩?tests 63
鈩?suites 8
鈩?pass 56
鈩?fail 2
鈩?cancelled 0
鈩?skipped 5
鈩?todo 0
鈩?duration_ms 7904.3456

鉁?failing tests:

test at test\key-resolver.test.js:64:3
鉁?chat() throws "No API key" when resolver absent and config empty (2442.4144ms)
  AssertionError [ERR_ASSERTION]: Missing expected rejection.
      at process.processTicksAndRejections (node:internal/process/task_queues:104:5)
      at async TestContext.<anonymous> (file:///F:/openchat/modules/provider-kit/test/key-resolver.test.js:71:5)
      at async Test.run (node:internal/test_runner/test:1125:7)
      at async Suite.processPendingSubtests (node:internal/test_runner/test:787:7) {
    generatedMessage: false,
    code: 'ERR_ASSERTION',
    actual: undefined,
    expected: /No API key for openrouter/,
    operator: 'rejects',
    diff: 'simple'
  }

test at test\provider-mock.test.js:62:3
鉁?OpenAI 401 returns auth error (12.6618ms)
  AssertionError [ERR_ASSERTION]: Expected values to be strictly equal:
  + actual - expected
  
  + 'bad_request'
  - 'auth'
  
      at TestContext.<anonymous> (file:///F:/openchat/modules/provider-kit/test/provider-mock.test.js:72:14)
      at process.processTicksAndRejections (node:internal/process/task_queues:104:5)
      at async Test.run (node:internal/test_runner/test:1125:7)
      at async Suite.processPendingSubtests (node:internal/test_runner/test:787:7) {
    generatedMessage: true,
    code: 'ERR_ASSERTION',
    actual: 'bad_request',
    expected: 'auth',
    operator: 'strictEqual',
    diff: 'simple'
  }
